[INFO] Scanning for projects...
[INFO] 
[INFO] -----------------------< com.demo.fhir:backend >------------------------
[INFO] Building hapi-fhir-demo 0.0.1-SNAPSHOT
[INFO]   from pom.xml
[INFO] --------------------------------[ jar ]---------------------------------
[INFO] 
[INFO] >>> spring-boot:4.0.2:run (default-cli) > test-compile @ backend >>>
[INFO] 
[INFO] --- resources:3.3.1:resources (default-resources) @ backend ---
[INFO] Copying 1 resource from src/main/resources to target/classes
[INFO] Copying 1 resource from src/main/resources to target/classes
[INFO] 
[INFO] --- compiler:3.11.0:compile (default-compile) @ backend ---
[INFO] Nothing to compile - all classes are up to date
[INFO] 
[INFO] --- resources:3.3.1:testResources (default-testResources) @ backend ---
[INFO] Copying 1 resource from src/test/resources to target/test-classes
[INFO] 
[INFO] --- compiler:3.11.0:testCompile (default-testCompile) @ backend ---
[INFO] Nothing to compile - all classes are up to date
[INFO] 
[INFO] <<< spring-boot:4.0.2:run (default-cli) < test-compile @ backend <<<
[INFO] 
[INFO] 
[INFO] --- spring-boot:4.0.2:run (default-cli) @ backend ---
[INFO] Attaching agents: []

  .   ____          _            __ _ _
 /\\ / ___'_ __ _ _(_)_ __  __ _ \ \ \ \
( ( )\___ | '_ | '_| | '_ \/ _` | \ \ \ \
 \\/  ___)| |_)| | | | | || (_| |  ) ) ) )
  '  |____| .__|_| |_|_| |_\__, | / / / /
 =========|_|==============|___/=/_/_/_/

 :: Spring Boot ::                (v4.0.2)

2026-04-29T01:16:52.709+05:30  INFO 34861 --- [hapi-fhir-demo] [           main] com.fhir.FhirApplication                 : Starting FhirApplication using Java 21.0.1 with PID 34861 (/Users/siddheshabhang/Desktop/PE@FHIR/backend/target/classes started by siddheshabhang in /Users/siddheshabhang/Desktop/PE@FHIR/backend)
2026-04-29T01:16:52.710+05:30  INFO 34861 --- [hapi-fhir-demo] [           main] com.fhir.FhirApplication                 : No active profile set, falling back to 1 default profile: "default"
2026-04-29T01:16:53.035+05:30  INFO 34861 --- [hapi-fhir-demo] [           main] .s.d.r.c.RepositoryConfigurationDelegate : Bootstrapping Spring Data JPA repositories in DEFAULT mode.
2026-04-29T01:16:53.061+05:30  INFO 34861 --- [hapi-fhir-demo] [           main] .s.d.r.c.RepositoryConfigurationDelegate : Finished Spring Data repository scanning in 20 ms. Found 6 JPA repository interfaces.
2026-04-29T01:16:53.062+05:30  INFO 34861 --- [hapi-fhir-demo] [           main] .s.d.r.c.RepositoryConfigurationDelegate : Bootstrapping Spring Data JPA repositories in DEFAULT mode.
2026-04-29T01:16:53.066+05:30  INFO 34861 --- [hapi-fhir-demo] [           main] .s.d.r.c.RepositoryConfigurationDelegate : Finished Spring Data repository scanning in 3 ms. Found 2 JPA repository interfaces.
2026-04-29T01:16:53.066+05:30  INFO 34861 --- [hapi-fhir-demo] [           main] .s.d.r.c.RepositoryConfigurationDelegate : Bootstrapping Spring Data JPA repositories in DEFAULT mode.
2026-04-29T01:16:53.071+05:30  INFO 34861 --- [hapi-fhir-demo] [           main] .s.d.r.c.RepositoryConfigurationDelegate : Finished Spring Data repository scanning in 3 ms. Found 2 JPA repository interfaces.
2026-04-29T01:16:53.502+05:30  INFO 34861 --- [hapi-fhir-demo] [           main] o.s.boot.tomcat.TomcatWebServer          : Tomcat initialized with port 8085 (http)
2026-04-29T01:16:53.510+05:30  INFO 34861 --- [hapi-fhir-demo] [           main] o.apache.catalina.core.StandardService   : Starting service [Tomcat]
2026-04-29T01:16:53.510+05:30  INFO 34861 --- [hapi-fhir-demo] [           main] o.apache.catalina.core.StandardEngine    : Starting Servlet engine: [Apache Tomcat/11.0.15]
2026-04-29T01:16:53.547+05:30  INFO 34861 --- [hapi-fhir-demo] [           main] b.w.c.s.WebApplicationContextInitializer : Root WebApplicationContext: initialization completed in 817 ms
2026-04-29T01:16:53.757+05:30  INFO 34861 --- [hapi-fhir-demo] [           main] org.hibernate.orm.jpa                    : HHH008540: Processing PersistenceUnitInfo [name: fhirMain]
2026-04-29T01:16:53.791+05:30  INFO 34861 --- [hapi-fhir-demo] [           main] org.hibernate.orm.core                   : HHH000001: Hibernate ORM core version 7.2.1.Final
2026-04-29T01:16:54.026+05:30  INFO 34861 --- [hapi-fhir-demo] [           main] o.s.o.j.p.SpringPersistenceUnitInfo      : No LoadTimeWeaver setup: ignoring JPA class transformer
2026-04-29T01:16:54.046+05:30  INFO 34861 --- [hapi-fhir-demo] [           main] com.zaxxer.hikari.HikariDataSource       : HikariPool-1 - Starting...
2026-04-29T01:16:54.109+05:30  INFO 34861 --- [hapi-fhir-demo] [           main] com.zaxxer.hikari.pool.HikariPool        : HikariPool-1 - Added connection org.postgresql.jdbc.PgConnection@65ad2b42
2026-04-29T01:16:54.110+05:30  INFO 34861 --- [hapi-fhir-demo] [           main] com.zaxxer.hikari.HikariDataSource       : HikariPool-1 - Start completed.
2026-04-29T01:16:54.131+05:30  WARN 34861 --- [hapi-fhir-demo] [           main] org.hibernate.orm.deprecation            : HHH90000025: PostgreSQLDialect does not need to be specified explicitly using 'hibernate.dialect' (remove the property setting and it will be selected by default)
2026-04-29T01:16:54.145+05:30  INFO 34861 --- [hapi-fhir-demo] [           main] org.hibernate.orm.connections.pooling    : HHH10001005: Database info:
	Database JDBC URL [jdbc:postgresql://localhost:5432/fhir_main]
	Database driver: PostgreSQL JDBC Driver
	Database dialect: PostgreSQLDialect
	Database version: 15.15
	Default catalog/schema: fhir_main/public
	Autocommit mode: undefined/unknown
	Isolation level: READ_COMMITTED [default READ_COMMITTED]
	JDBC fetch size: none
	Pool: DataSourceConnectionProvider
	Minimum pool size: undefined/unknown
	Maximum pool size: undefined/unknown
2026-04-29T01:16:54.663+05:30  INFO 34861 --- [hapi-fhir-demo] [           main] org.hibernate.orm.core                   : HHH000489: No JTA platform available (set 'hibernate.transaction.jta.platform' to enable JTA platform integration)
2026-04-29T01:16:54.735+05:30  INFO 34861 --- [hapi-fhir-demo] [           main] j.LocalContainerEntityManagerFactoryBean : Initialized JPA EntityManagerFactory for persistence unit 'fhirMain'
2026-04-29T01:16:54.762+05:30  INFO 34861 --- [hapi-fhir-demo] [           main] org.hibernate.orm.jpa                    : HHH008540: Processing PersistenceUnitInfo [name: hospitalA]
2026-04-29T01:16:54.771+05:30  INFO 34861 --- [hapi-fhir-demo] [           main] o.s.o.j.p.SpringPersistenceUnitInfo      : No LoadTimeWeaver setup: ignoring JPA class transformer
2026-04-29T01:16:54.771+05:30  INFO 34861 --- [hapi-fhir-demo] [           main] com.zaxxer.hikari.HikariDataSource       : HikariPool-2 - Starting...
2026-04-29T01:16:54.780+05:30  INFO 34861 --- [hapi-fhir-demo] [           main] com.zaxxer.hikari.pool.HikariPool        : HikariPool-2 - Added connection org.postgresql.jdbc.PgConnection@6d5fea64
2026-04-29T01:16:54.781+05:30  INFO 34861 --- [hapi-fhir-demo] [           main] com.zaxxer.hikari.HikariDataSource       : HikariPool-2 - Start completed.
2026-04-29T01:16:54.785+05:30  WARN 34861 --- [hapi-fhir-demo] [           main] org.hibernate.orm.deprecation            : HHH90000025: PostgreSQLDialect does not need to be specified explicitly using 'hibernate.dialect' (remove the property setting and it will be selected by default)
2026-04-29T01:16:54.789+05:30  INFO 34861 --- [hapi-fhir-demo] [           main] org.hibernate.orm.connections.pooling    : HHH10001005: Database info:
	Database JDBC URL [jdbc:postgresql://localhost:5432/hospital_a_db]
	Database driver: PostgreSQL JDBC Driver
	Database dialect: PostgreSQLDialect
	Database version: 15.15
	Default catalog/schema: hospital_a_db/public
	Autocommit mode: undefined/unknown
	Isolation level: READ_COMMITTED [default READ_COMMITTED]
	JDBC fetch size: none
	Pool: DataSourceConnectionProvider
	Minimum pool size: undefined/unknown
	Maximum pool size: undefined/unknown
2026-04-29T01:16:54.814+05:30  INFO 34861 --- [hapi-fhir-demo] [           main] org.hibernate.orm.core                   : HHH000489: No JTA platform available (set 'hibernate.transaction.jta.platform' to enable JTA platform integration)
2026-04-29T01:16:54.836+05:30  INFO 34861 --- [hapi-fhir-demo] [           main] j.LocalContainerEntityManagerFactoryBean : Initialized JPA EntityManagerFactory for persistence unit 'hospitalA'
2026-04-29T01:16:54.850+05:30  INFO 34861 --- [hapi-fhir-demo] [           main] org.hibernate.orm.jpa                    : HHH008540: Processing PersistenceUnitInfo [name: hospitalB]
2026-04-29T01:16:54.859+05:30  INFO 34861 --- [hapi-fhir-demo] [           main] o.s.o.j.p.SpringPersistenceUnitInfo      : No LoadTimeWeaver setup: ignoring JPA class transformer
2026-04-29T01:16:54.860+05:30  INFO 34861 --- [hapi-fhir-demo] [           main] com.zaxxer.hikari.HikariDataSource       : HikariPool-3 - Starting...
2026-04-29T01:16:54.868+05:30  INFO 34861 --- [hapi-fhir-demo] [           main] com.zaxxer.hikari.pool.HikariPool        : HikariPool-3 - Added connection org.postgresql.jdbc.PgConnection@69f55ea
2026-04-29T01:16:54.868+05:30  INFO 34861 --- [hapi-fhir-demo] [           main] com.zaxxer.hikari.HikariDataSource       : HikariPool-3 - Start completed.
2026-04-29T01:16:54.872+05:30  WARN 34861 --- [hapi-fhir-demo] [           main] org.hibernate.orm.deprecation            : HHH90000025: PostgreSQLDialect does not need to be specified explicitly using 'hibernate.dialect' (remove the property setting and it will be selected by default)
2026-04-29T01:16:54.877+05:30  INFO 34861 --- [hapi-fhir-demo] [           main] org.hibernate.orm.connections.pooling    : HHH10001005: Database info:
	Database JDBC URL [jdbc:postgresql://localhost:5432/hospital_b_db]
	Database driver: PostgreSQL JDBC Driver
	Database dialect: PostgreSQLDialect
	Database version: 15.15
	Default catalog/schema: hospital_b_db/public
	Autocommit mode: undefined/unknown
	Isolation level: READ_COMMITTED [default READ_COMMITTED]
	JDBC fetch size: none
	Pool: DataSourceConnectionProvider
	Minimum pool size: undefined/unknown
	Maximum pool size: undefined/unknown
2026-04-29T01:16:54.902+05:30  INFO 34861 --- [hapi-fhir-demo] [           main] org.hibernate.orm.core                   : HHH000489: No JTA platform available (set 'hibernate.transaction.jta.platform' to enable JTA platform integration)
2026-04-29T01:16:54.922+05:30  INFO 34861 --- [hapi-fhir-demo] [           main] j.LocalContainerEntityManagerFactoryBean : Initialized JPA EntityManagerFactory for persistence unit 'hospitalB'
2026-04-29T01:16:54.977+05:30  INFO 34861 --- [hapi-fhir-demo] [           main] o.s.d.j.r.query.QueryEnhancerFactories   : Hibernate is in classpath; If applicable, HQL parser will be used.
2026-04-29T01:16:55.197+05:30  INFO 34861 --- [hapi-fhir-demo] [           main] ca.uhn.fhir.util.VersionUtil             : HAPI FHIR version 6.4.3 - Rev cfc9af8148
2026-04-29T01:16:55.199+05:30  INFO 34861 --- [hapi-fhir-demo] [           main] ca.uhn.fhir.context.FhirContext          : Creating new FHIR context for FHIR version [R4]
2026-04-29T01:16:55.201+05:30  INFO 34861 --- [hapi-fhir-demo] [           main] ca.uhn.fhir.context.FhirContext          : Creating new FHIR context for FHIR version [R4]
2026-04-29T01:16:55.227+05:30  INFO 34861 --- [hapi-fhir-demo] [           main] ca.uhn.fhir.context.FhirContext          : Creating new FHIR context for FHIR version [R4]
2026-04-29T01:16:55.375+05:30  WARN 34861 --- [hapi-fhir-demo] [           main] JpaBaseConfiguration$JpaWebConfiguration : spring.jpa.open-in-view is enabled by default. Therefore, database queries may be performed during view rendering. Explicitly configure spring.jpa.open-in-view to disable this warning
2026-04-29T01:16:55.448+05:30  WARN 34861 --- [hapi-fhir-demo] [           main] .s.a.UserDetailsServiceAutoConfiguration : 

Using generated security password: 528a661c-20a4-463c-b118-01f18edd1772

This generated password is for development use only. Your security configuration must be updated before running your application in production.

2026-04-29T01:16:55.453+05:30  INFO 34861 --- [hapi-fhir-demo] [           main] r$InitializeUserDetailsManagerConfigurer : Global AuthenticationManager configured with UserDetailsService bean with name inMemoryUserDetailsManager
2026-04-29T01:16:55.591+05:30  INFO 34861 --- [hapi-fhir-demo] [           main] o.s.v.b.OptionalValidatorFactoryBean     : Failed to set up a Bean Validation provider: jakarta.validation.NoProviderFoundException: Unable to create a Configuration, because no Jakarta Validation provider could be found. Add a provider like Hibernate Validator (RI) to your classpath.
2026-04-29T01:16:55.808+05:30  INFO 34861 --- [hapi-fhir-demo] [           main] o.s.boot.tomcat.TomcatWebServer          : Tomcat started on port 8085 (http) with context path '/'
2026-04-29T01:16:55.812+05:30  INFO 34861 --- [hapi-fhir-demo] [           main] com.fhir.FhirApplication                 : Started FhirApplication in 3.293 seconds (process running for 3.451)
Hibernate: 
    select
        count(*) 
    from
        auth_users au1_0
✅ [DatabaseSeeder] Database already populated. Skipping seeding.
2026-04-29T01:17:38.214+05:30  INFO 34861 --- [hapi-fhir-demo] [nio-8085-exec-1] o.a.c.c.C.[Tomcat].[localhost].[/]       : Initializing Spring DispatcherServlet 'dispatcherServlet'
2026-04-29T01:17:38.214+05:30  INFO 34861 --- [hapi-fhir-demo] [nio-8085-exec-1] o.s.web.servlet.DispatcherServlet        : Initializing Servlet 'dispatcherServlet'
2026-04-29T01:17:38.221+05:30  INFO 34861 --- [hapi-fhir-demo] [nio-8085-exec-1] o.s.web.servlet.DispatcherServlet        : Completed initialization in 7 ms
Hibernate: 
    select
        h1_0.id,
        h1_0.active,
        h1_0.code,
        h1_0.contact_email,
        h1_0.location,
        h1_0.name 
    from
        hospitals h1_0
Hibernate: 
    select
        h1_0.id,
        h1_0.active,
        h1_0.code,
        h1_0.contact_email,
        h1_0.location,
        h1_0.name 
    from
        hospitals h1_0
Hibernate: 
    select
        au1_0.id,
        au1_0.abha_id,
        au1_0.blood_group,
        au1_0.created_at,
        au1_0.date_of_birth,
        au1_0.email,
        au1_0.full_name,
        au1_0.gender,
        au1_0.hospital_id,
        au1_0.password_hash,
        au1_0.phone,
        au1_0.refresh_token_hash,
        au1_0.role,
        au1_0.specialization,
        au1_0.username 
    from
        auth_users au1_0 
    where
        au1_0.username=?
Hibernate: 
    update
        auth_users 
    set
        abha_id=?,
        blood_group=?,
        date_of_birth=?,
        email=?,
        full_name=?,
        gender=?,
        hospital_id=?,
        password_hash=?,
        phone=?,
        refresh_token_hash=?,
        role=?,
        specialization=?,
        username=? 
    where
        id=?
Hibernate: 
    select
        au1_0.id,
        au1_0.abha_id,
        au1_0.blood_group,
        au1_0.created_at,
        au1_0.date_of_birth,
        au1_0.email,
        au1_0.full_name,
        au1_0.gender,
        au1_0.hospital_id,
        au1_0.password_hash,
        au1_0.phone,
        au1_0.refresh_token_hash,
        au1_0.role,
        au1_0.specialization,
        au1_0.username 
    from
        auth_users au1_0
Hibernate: 
    select
        tal1_0.id,
        tal1_0.bundle_resource_count,
        tal1_0.consent_snapshot,
        tal1_0.failure_reason,
        tal1_0.patient_id,
        tal1_0.source_hospital,
        tal1_0.status,
        tal1_0.target_hospital,
        tal1_0.timestamp 
    from
        transfer_audit_log tal1_0 
    order by
        tal1_0.timestamp desc
Hibernate: 
    select
        tal1_0.id,
        tal1_0.bundle_resource_count,
        tal1_0.consent_snapshot,
        tal1_0.failure_reason,
        tal1_0.patient_id,
        tal1_0.source_hospital,
        tal1_0.status,
        tal1_0.target_hospital,
        tal1_0.timestamp 
    from
        transfer_audit_log tal1_0 
    order by
        tal1_0.timestamp desc
Hibernate: 
    select
        tal1_0.id,
        tal1_0.bundle_resource_count,
        tal1_0.consent_snapshot,
        tal1_0.failure_reason,
        tal1_0.patient_id,
        tal1_0.source_hospital,
        tal1_0.status,
        tal1_0.target_hospital,
        tal1_0.timestamp 
    from
        transfer_audit_log tal1_0 
    order by
        tal1_0.timestamp desc
Hibernate: 
    select
        au1_0.id,
        au1_0.abha_id,
        au1_0.blood_group,
        au1_0.created_at,
        au1_0.date_of_birth,
        au1_0.email,
        au1_0.full_name,
        au1_0.gender,
        au1_0.hospital_id,
        au1_0.password_hash,
        au1_0.phone,
        au1_0.refresh_token_hash,
        au1_0.role,
        au1_0.specialization,
        au1_0.username 
    from
        auth_users au1_0 
    where
        au1_0.username=?
Hibernate: 
    update
        auth_users 
    set
        abha_id=?,
        blood_group=?,
        date_of_birth=?,
        email=?,
        full_name=?,
        gender=?,
        hospital_id=?,
        password_hash=?,
        phone=?,
        refresh_token_hash=?,
        role=?,
        specialization=?,
        username=? 
    where
        id=?
Hibernate: 
    select
        au1_0.id,
        au1_0.abha_id,
        au1_0.blood_group,
        au1_0.created_at,
        au1_0.date_of_birth,
        au1_0.email,
        au1_0.full_name,
        au1_0.gender,
        au1_0.hospital_id,
        au1_0.password_hash,
        au1_0.phone,
        au1_0.refresh_token_hash,
        au1_0.role,
        au1_0.specialization,
        au1_0.username 
    from
        auth_users au1_0 
    where
        au1_0.username=?
Hibernate: 
    update
        auth_users 
    set
        abha_id=?,
        blood_group=?,
        date_of_birth=?,
        email=?,
        full_name=?,
        gender=?,
        hospital_id=?,
        password_hash=?,
        phone=?,
        refresh_token_hash=?,
        role=?,
        specialization=?,
        username=? 
    where
        id=?
Hibernate: 
    select
        au1_0.id,
        au1_0.abha_id,
        au1_0.blood_group,
        au1_0.created_at,
        au1_0.date_of_birth,
        au1_0.email,
        au1_0.full_name,
        au1_0.gender,
        au1_0.hospital_id,
        au1_0.password_hash,
        au1_0.phone,
        au1_0.refresh_token_hash,
        au1_0.role,
        au1_0.specialization,
        au1_0.username 
    from
        auth_users au1_0 
    where
        au1_0.username=?
Hibernate: 
    update
        auth_users 
    set
        abha_id=?,
        blood_group=?,
        date_of_birth=?,
        email=?,
        full_name=?,
        gender=?,
        hospital_id=?,
        password_hash=?,
        phone=?,
        refresh_token_hash=?,
        role=?,
        specialization=?,
        username=? 
    where
        id=?
Hibernate: 
    select
        h1_0.id,
        h1_0.active,
        h1_0.code,
        h1_0.contact_email,
        h1_0.location,
        h1_0.name 
    from
        hospitals h1_0
Hibernate: 
    select
        cre1_0.id,
        cre1_0.consent_token,
        cre1_0.created_at,
        cre1_0.patient_id,
        cre1_0.purpose,
        cre1_0.requester_id,
        cre1_0.status,
        cre1_0.updated_at 
    from
        consent_requests cre1_0 
    where
        cre1_0.patient_id=?
Hibernate: 
    select
        hae1_0.id,
        hae1_0.abha_id,
        hae1_0.blood_pressure,
        hae1_0.created_at,
        hae1_0.doctor_name,
        hae1_0.patient_first_name,
        hae1_0.patient_id,
        hae1_0.patient_last_name,
        hae1_0.prescription_pdf_base64,
        hae1_0.symptoms,
        hae1_0.temperature,
        hae1_0.visit_date 
    from
        hospital_a_op_consults hae1_0 
    where
        hae1_0.abha_id=? 
    order by
        hae1_0.created_at desc
Hibernate: 
    select
        hbe1_0.id,
        hbe1_0.abha_id,
        hbe1_0.blood_pressure,
        hbe1_0.clinical_notes,
        hbe1_0.consent_verified,
        hbe1_0.consult_date,
        hbe1_0.doctor,
        hbe1_0.patient_id,
        hbe1_0.patient_name,
        hbe1_0.prescription_pdf_base64,
        hbe1_0.received_at,
        hbe1_0.temperature 
    from
        hospital_b_op_consults hbe1_0 
    where
        hbe1_0.abha_id=? 
    order by
        hbe1_0.received_at desc
[INFO] ------------------------------------------------------------------------
[INFO] BUILD FAILURE
[INFO] ------------------------------------------------------------------------
[INFO] Total time:  05:38 min
[INFO] Finished at: 2026-04-29T01:22:29+05:30
[INFO] ------------------------------------------------------------------------
[ERROR] Failed to execute goal org.springframework.boot:spring-boot-maven-plugin:4.0.2:run (default-cli) on project backend: Process terminated with exit code: 137 -> [Help 1]
[ERROR] 
[ERROR] To see the full stack trace of the errors, re-run Maven with the -e switch.
[ERROR] Re-run Maven using the -X switch to enable full debug logging.
[ERROR] 
[ERROR] For more information about the errors and possible solutions, please read the following articles:
[ERROR] [Help 1] http://cwiki.apache.org/confluence/display/MAVEN/MojoExecutionException
