
> frontend@0.0.0 dev
> vite


  VITE v8.0.8  ready in 220 ms

  ➜  Local:   http://localhost:5173/
  ➜  Network: use --host to expose
5:12:27 AM [vite] http proxy error: /hospitals
AggregateError [ECONNREFUSED]: 
    at internalConnectMultiple (node:net:1134:18)
    at afterConnectMultiple (node:net:1715:7)
5:12:27 AM [vite] http proxy error: /consent/pending/ABHA-2233-4455-6677-88
AggregateError [ECONNREFUSED]: 
    at internalConnectMultiple (node:net:1134:18)
    at afterConnectMultiple (node:net:1715:7)
5:12:27 AM [vite] http proxy error: /patient/consultations/ABHA-2233-4455-6677-88
AggregateError [ECONNREFUSED]: 
    at internalConnectMultiple (node:net:1134:18)
    at afterConnectMultiple (node:net:1715:7)
5:12:27 AM [vite] (client) [console.error] Failed to load hospitals settle@http://localhost:5173/node_modules/.vite/deps/axios.js:1655:30
onloadend@http://localhost:5173/node_modules/.vite/deps/axios.js:1972:10
5:12:27 AM [vite] (client) [console.error] Failed to load hospitals settle@http://localhost:5173/node_modules/.vite/deps/axios.js:1655:30
onloadend@http://localhost:5173/node_modules/.vite/deps/axios.js:1972:10
5:12:27 AM [vite] (client) [console.error] Failed to load hospitals settle@http://localhost:5173/node_modules/.vite/deps/axios.js:1655:30
onloadend@http://localhost:5173/node_modules/.vite/deps/axios.js:1972:10
5:12:27 AM [vite] (client) [console.error] Failed to load hospitals settle@http://localhost:5173/node_modules/.vite/deps/axios.js:1655:30
onloadend@http://localhost:5173/node_modules/.vite/deps/axios.js:1972:10
5:12:27 AM [vite] (client) [console.error] @http://localhost:5173/src/services/patientService.js:35:19
5:12:27 AM [vite] (client) [console.error] @http://localhost:5173/src/services/patientService.js:35:19
5:46:47 AM [vite] http proxy error: /hospitals
AggregateError [ECONNREFUSED]: 
    at internalConnectMultiple (node:net:1134:18)
    at afterConnectMultiple (node:net:1715:7)
5:46:47 AM [vite] (client) [console.error] Failed to load hospitals settle@http://localhost:5173/node_modules/.vite/deps/axios.js:1655:30
onloadend@http://localhost:5173/node_modules/.vite/deps/axios.js:1972:10
5:46:47 AM [vite] (client) [console.error] Failed to load hospitals settle@http://localhost:5173/node_modules/.vite/deps/axios.js:1655:30
onloadend@http://localhost:5173/node_modules/.vite/deps/axios.js:1972:10
5:46:47 AM [vite] http proxy error: /hospitals
AggregateError [ECONNREFUSED]: 
    at internalConnectMultiple (node:net:1134:18)
    at afterConnectMultiple (node:net:1715:7)
5:46:47 AM [vite] http proxy error: /consent/pending/ABHA-2233-4455-6677-88
AggregateError [ECONNREFUSED]: 
    at internalConnectMultiple (node:net:1134:18)
    at afterConnectMultiple (node:net:1715:7)
5:46:47 AM [vite] http proxy error: /patient/consultations/ABHA-2233-4455-6677-88
AggregateError [ECONNREFUSED]: 
    at internalConnectMultiple (node:net:1134:18)
    at afterConnectMultiple (node:net:1715:7)
5:46:47 AM [vite] (client) [console.error] Failed to load hospitals settle@http://localhost:5173/node_modules/.vite/deps/axios.js:1655:30
onloadend@http://localhost:5173/node_modules/.vite/deps/axios.js:1972:10
5:46:47 AM [vite] (client) [console.error] Failed to load hospitals settle@http://localhost:5173/node_modules/.vite/deps/axios.js:1655:30
onloadend@http://localhost:5173/node_modules/.vite/deps/axios.js:1972:10
5:46:47 AM [vite] (client) [console.error] @http://localhost:5173/src/services/patientService.js:35:19
5:46:47 AM [vite] (client) [console.error] @http://localhost:5173/src/services/patientService.js:35:19
5:50:34 AM [vite] http proxy error: /hospitals
AggregateError [ECONNREFUSED]: 
    at internalConnectMultiple (node:net:1134:18)
    at afterConnectMultiple (node:net:1715:7)
5:50:34 AM [vite] (client) [console.error] Failed to load hospitals settle@http://localhost:5173/node_modules/.vite/deps/axios.js:1655:30
onloadend@http://localhost:5173/node_modules/.vite/deps/axios.js:1972:10
5:50:34 AM [vite] (client) [console.error] Failed to load hospitals settle@http://localhost:5173/node_modules/.vite/deps/axios.js:1655:30
onloadend@http://localhost:5173/node_modules/.vite/deps/axios.js:1972:10
5:50:34 AM [vite] http proxy error: /hospitals
AggregateError [ECONNREFUSED]: 
    at internalConnectMultiple (node:net:1134:18)
    at afterConnectMultiple (node:net:1715:7)
5:50:34 AM [vite] http proxy error: /consent/pending/ABHA-2233-4455-6677-88
AggregateError [ECONNREFUSED]: 
    at internalConnectMultiple (node:net:1134:18)
    at afterConnectMultiple (node:net:1715:7)
5:50:34 AM [vite] http proxy error: /patient/consultations/ABHA-2233-4455-6677-88
AggregateError [ECONNREFUSED]: 
    at internalConnectMultiple (node:net:1134:18)
    at afterConnectMultiple (node:net:1715:7)
5:50:34 AM [vite] (client) [console.error] Failed to load hospitals settle@http://localhost:5173/node_modules/.vite/deps/axios.js:1655:30
onloadend@http://localhost:5173/node_modules/.vite/deps/axios.js:1972:10
5:50:34 AM [vite] (client) [console.error] Failed to load hospitals settle@http://localhost:5173/node_modules/.vite/deps/axios.js:1655:30
onloadend@http://localhost:5173/node_modules/.vite/deps/axios.js:1972:10
5:50:34 AM [vite] (client) [console.error] @http://localhost:5173/src/services/patientService.js:35:19
5:50:34 AM [vite] (client) [console.error] @http://localhost:5173/src/services/patientService.js:35:19
5:50:37 AM [vite] http proxy error: /hospitals
AggregateError [ECONNREFUSED]: 
    at internalConnectMultiple (node:net:1134:18)
    at afterConnectMultiple (node:net:1715:7)
5:50:37 AM [vite] (client) [console.error] Failed to load hospitals settle@http://localhost:5173/node_modules/.vite/deps/axios.js:1655:30
onloadend@http://localhost:5173/node_modules/.vite/deps/axios.js:1972:10
5:50:37 AM [vite] (client) [console.error] Failed to load hospitals settle@http://localhost:5173/node_modules/.vite/deps/axios.js:1655:30
onloadend@http://localhost:5173/node_modules/.vite/deps/axios.js:1972:10
5:50:37 AM [vite] (client) [console.error] Failed to load hospitals settle@http://localhost:5173/node_modules/.vite/deps/axios.js:1655:30
onloadend@http://localhost:5173/node_modules/.vite/deps/axios.js:1972:10
5:50:37 AM [vite] (client) [console.error] Failed to load hospitals settle@http://localhost:5173/node_modules/.vite/deps/axios.js:1655:30
onloadend@http://localhost:5173/node_modules/.vite/deps/axios.js:1972:10
5:50:37 AM [vite] http proxy error: /consent/pending/ABHA-2233-4455-6677-88
AggregateError [ECONNREFUSED]: 
    at internalConnectMultiple (node:net:1134:18)
    at afterConnectMultiple (node:net:1715:7)
5:50:37 AM [vite] http proxy error: /patient/consultations/ABHA-2233-4455-6677-88
AggregateError [ECONNREFUSED]: 
    at internalConnectMultiple (node:net:1134:18)
    at afterConnectMultiple (node:net:1715:7)
5:50:37 AM [vite] (client) [console.error] @http://localhost:5173/src/services/patientService.js:35:19
5:50:37 AM [vite] (client) [console.error] @http://localhost:5173/src/services/patientService.js:35:19
5:50:39 AM [vite] http proxy error: /hospitals
AggregateError [ECONNREFUSED]: 
    at internalConnectMultiple (node:net:1134:18)
    at afterConnectMultiple (node:net:1715:7)
5:50:39 AM [vite] (client) [console.error] Failed to load hospitals settle@http://localhost:5173/node_modules/.vite/deps/axios.js:1655:30
onloadend@http://localhost:5173/node_modules/.vite/deps/axios.js:1972:10
5:50:39 AM [vite] (client) [console.error] Failed to load hospitals settle@http://localhost:5173/node_modules/.vite/deps/axios.js:1655:30
onloadend@http://localhost:5173/node_modules/.vite/deps/axios.js:1972:10
5:50:39 AM [vite] (client) [console.error] Failed to load hospitals settle@http://localhost:5173/node_modules/.vite/deps/axios.js:1655:30
onloadend@http://localhost:5173/node_modules/.vite/deps/axios.js:1972:10
5:50:39 AM [vite] (client) [console.error] Failed to load hospitals settle@http://localhost:5173/node_modules/.vite/deps/axios.js:1655:30
onloadend@http://localhost:5173/node_modules/.vite/deps/axios.js:1972:10
5:50:39 AM [vite] http proxy error: /consent/pending/ABHA-2233-4455-6677-88
AggregateError [ECONNREFUSED]: 
    at internalConnectMultiple (node:net:1134:18)
    at afterConnectMultiple (node:net:1715:7)
5:50:39 AM [vite] http proxy error: /patient/consultations/ABHA-2233-4455-6677-88
AggregateError [ECONNREFUSED]: 
    at internalConnectMultiple (node:net:1134:18)
    at afterConnectMultiple (node:net:1715:7)
5:50:39 AM [vite] (client) [console.error] @http://localhost:5173/src/services/patientService.js:35:19
5:50:39 AM [vite] (client) [console.error] @http://localhost:5173/src/services/patientService.js:35:19
1:41:38 AM [vite] (client) hmr update /src/pages/LoginPage.jsx
1:41:45 AM [vite] (client) hmr update /src/App.jsx
1:41:49 AM [vite] (client) hmr update /src/components/ProtectedRoute.jsx
